2026-01-10 08:23:15 login attempt user=admin ip=192.168.1.100 status=success
2026-01-10 08:24:32 login attempt user=john ip=192.168.1.101 status=success
2026-01-10 08:25:41 login attempt user=admin ip=45.33.21.99 status=failed
2026-01-10 08:26:03 login attempt user=admin ip=45.33.21.99 status=failed
2026-01-10 08:27:19 login attempt user=root ip=45.33.21.99 status=failed
2026-01-10 08:28:44 login attempt user=admin ip=45.33.21.99 status=failed
2026-01-10 08:29:55 login attempt user=test ip=192.168.1.102 status=success
2026-01-10 08:30:12 login attempt user=admin ip=45.33.21.99 status=failed
2026-01-10 08:31:28 login attempt user=root ip=45.33.21.99 status=failed
2026-01-10 08:32:37 login attempt user=admin ip=45.33.21.99 status=failed
2026-01-10 08:33:45 login attempt user=sarah ip=192.168.1.103 status=success
2026-01-10 08:34:52 login attempt user=admin ip=45.33.21.99 status=failed
2026-01-10 08:35:18 login attempt user=mike ip=192.168.1.104 status=success
2026-01-10 08:36:29 login attempt user=guest ip=203.0.113.42 status=success
2026-01-10 08:37:41 login attempt user=admin ip=203.0.113.42 status=failed
2026-01-10 08:38:53 login attempt user=root ip=203.0.113.42 status=failed
2026-01-10 08:40:07 login attempt user=admin ip=203.0.113.42 status=failed
2026-01-10 08:41:22 login attempt user=test ip=203.0.113.42 status=failed
2026-01-10 08:42:35 login attempt user=admin ip=203.0.113.42 status=failed
2026-01-10 08:43:48 login attempt user=root ip=203.0.113.42 status=failed
2026-01-10 08:45:01 login attempt user=admin ip=203.0.113.42 status=failed
2026-01-10 08:46:14 login attempt user=emma ip=192.168.1.105 status=success
2026-01-10 08:47:27 login attempt user=admin ip=192.168.1.100 status=success
2026-01-10 08:48:39 login attempt user=lisa ip=192.168.1.106 status=success
2026-01-10 08:50:12 login attempt user=root ip=185.220.101.5 status=failed
2026-01-10 08:51:33 login attempt user=admin ip=185.220.101.5 status=failed
2026-01-10 08:52:47 login attempt user=test ip=185.220.101.5 status=failed
2026-01-10 08:53:59 login attempt user=admin ip=185.220.101.5 status=failed
2026-01-10 08:55:11 login attempt user=root ip=185.220.101.5 status=failed
2026-01-10 08:56:24 login attempt user=admin ip=185.220.101.5 status=failed
2026-01-10 08:57:36 login attempt user=root ip=185.220.101.5 status=failed
2026-01-10 08:58:48 login attempt user=admin ip=185.220.101.5 status=failed
2026-01-10 08:59:59 login attempt user=test ip=185.220.101.5 status=failed
2026-01-10 09:01:11 login attempt user=admin ip=185.220.101.5 status=failed
2026-01-10 09:02:23 login attempt user=david ip=192.168.1.107 status=success
2026-01-10 09:03:35 login attempt user=sophia ip=192.168.1.108 status=success
2026-01-10 09:04:47 login attempt user=admin ip=192.168.1.100 status=success
2026-01-10 09:05:59 login attempt user=admin ip=103.99.0.142 status=failed
2026-01-10 09:07:11 login attempt user=root ip=103.99.0.142 status=failed
2026-01-10 09:08:23 login attempt user=admin ip=103.99.0.142 status=failed
2026-01-10 09:09:35 login attempt user=test ip=103.99.0.142 status=failed
2026-01-10 09:10:47 login attempt user=root ip=103.99.0.142 status=failed
2026-01-10 09:11:59 login attempt user=admin ip=103.99.0.142 status=failed
2026-01-10 09:13:11 login attempt user=root ip=103.99.0.142 status=failed
2026-01-10 09:14:23 login attempt user=admin ip=103.99.0.142 status=failed
2026-01-10 09:15:35 login attempt user=james ip=192.168.1.109 status=success
2026-01-10 09:16:47 login attempt user=oliver ip=192.168.1.110 status=success
2026-01-10 09:17:59 login attempt user=admin ip=91.121.87.33 status=failed
2026-01-10 09:19:11 login attempt user=root ip=91.121.87.33 status=failed
2026-01-10 09:20:23 login attempt user=admin ip=91.121.87.33 status=failed
2026-01-10 09:21:35 login attempt user=test ip=91.121.87.33 status=failed
2026-01-10 09:22:47 login attempt user=root ip=91.121.87.33 status=failed
2026-01-10 09:23:59 login attempt user=admin ip=91.121.87.33 status=failed
2026-01-10 09:25:11 login attempt user=root ip=91.121.87.33 status=failed
2026-01-10 09:26:23 login attempt user=admin ip=91.121.87.33 status=failed
2026-01-10 09:27:35 login attempt user=charlotte ip=192.168.1.111 status=success
2026-01-10 09:28:47 login attempt user=emily ip=192.168.1.112 status=success
2026-01-10 09:29:59 login attempt user=admin ip=192.168.1.100 status=success
2026-01-10 09:31:11 login attempt user=root ip=198.50.200.15 status=failed
2026-01-10 09:32:23 login attempt user=admin ip=198.50.200.15 status=failed
2026-01-10 09:33:35 login attempt user=test ip=198.50.200.15 status=failed
2026-01-10 09:34:47 login attempt user=root ip=198.50.200.15 status=failed
2026-01-10 09:35:59 login attempt user=admin ip=198.50.200.15 status=failed
2026-01-10 09:37:11 login attempt user=root ip=198.50.200.15 status=failed
2026-01-10 09:38:23 login attempt user=admin ip=198.50.200.15 status=failed
2026-01-10 09:39:35 login attempt user=william ip=192.168.1.113 status=success
2026-01-10 09:40:47 login attempt user=ava ip=192.168.1.114 status=success
2026-01-10 09:41:59 login attempt user=benjamin ip=192.168.1.115 status=success
2026-01-10 09:43:11 login attempt user=mia ip=192.168.1.116 status=success
2026-01-10 09:44:23 login attempt user=admin ip=192.168.1.100 status=success
2026-01-10 09:45:35 login attempt user=lucas ip=192.168.1.117 status=success
2026-01-10 09:46:47 login attempt user=harper ip=192.168.1.118 status=success
2026-01-10 09:47:59 login attempt user=alexander ip=192.168.1.119 status=success
2026-01-10 09:49:11 login attempt user=amelia ip=192.168.1.120 status=success
2026-01-10 09:50:23 login attempt user=ethan ip=192.168.1.121 status=success
